   0.0000000e+00   0.0000000e+00   0.0000000e+00
   1.5309311e+00   1.5309311e+00   3.7500000e+00
  -1.5309311e+00  -1.5309311e+00   3.7500000e+00
